
*** Running vivado
    with args -log top.vds -m64 -product Vivado -mode batch -messageDb vivado.pb -notrace -source top.tcl



****** Vivado v2025.1 (64-bit)
  **** SW Build 6140274 on Thu May 22 00:12:29 MDT 2025
  **** IP Build 6138677 on Thu May 22 03:10:11 MDT 2025
  **** SharedData Build 6139179 on Tue May 20 17:58:58 MDT 2025
  **** Start of session at: Sat Apr 18 22:52:42 2026
    ** Copyright 1986-2022 Xilinx, Inc. All Rights Reserved.
    ** Copyright 2022-2025 Advanced Micro Devices, Inc. All Rights Reserved.

source top.tcl -notrace
Command: read_checkpoint -auto_incremental -incremental {C:/fpga project/project_flappy_bird/project_flappy_bird.srcs/utils_1/imports/synth_1/top.dcp}
INFO: [Vivado 12-5825] Read reference checkpoint from C:/fpga project/project_flappy_bird/project_flappy_bird.srcs/utils_1/imports/synth_1/top.dcp for incremental synthesis
INFO: [Vivado 12-7989] Please ensure there are no constraint changes
Command: synth_design -top top -part xc7a100tcsg324-3
Starting synth_design
Attempting to get a license for feature 'Synthesis' and/or device 'xc7a100t'
INFO: [Common 17-349] Got license for feature 'Synthesis' and/or device 'xc7a100t'
INFO: [Device 21-403] Loading part xc7a100tcsg324-3
INFO: [Designutils 20-5440] No compile time benefit to using incremental synthesis; A full resynthesis will be run
INFO: [Designutils 20-4379] Flow is switching to default flow due to incremental criteria not met. If you would like to alter this behaviour and have the flow terminate instead, please set the following parameter config_implementation {autoIncr.Synth.RejectBehavior Terminate}
INFO: [Synth 8-7079] Multithreading enabled for synth_design using a maximum of 2 processes.
INFO: [Synth 8-7078] Launching helper process for spawning children vivado processes
INFO: [Synth 8-7075] Helper process launched with PID 20780
---------------------------------------------------------------------------------
Starting RTL Elaboration : Time (s): cpu = 00:00:03 ; elapsed = 00:00:03 . Memory (MB): peak = 1193.352 ; gain = 494.949
---------------------------------------------------------------------------------
INFO: [Synth 8-6157] synthesizing module 'top' [C:/fpga project/project_flappy_bird/project_flappy_bird.srcs/sources_1/new/top.v:3]
INFO: [Synth 8-6157] synthesizing module 'clk_divider' [C:/fpga project/project_flappy_bird/project_flappy_bird.srcs/sources_1/new/clk_divider.v:3]
INFO: [Synth 8-6155] done synthesizing module 'clk_divider' (0#1) [C:/fpga project/project_flappy_bird/project_flappy_bird.srcs/sources_1/new/clk_divider.v:3]
INFO: [Synth 8-6157] synthesizing module 'vga_controller' [C:/fpga project/project_flappy_bird/project_flappy_bird.srcs/sources_1/new/vga_controller.v:3]
INFO: [Synth 8-6155] done synthesizing module 'vga_controller' (0#1) [C:/fpga project/project_flappy_bird/project_flappy_bird.srcs/sources_1/new/vga_controller.v:3]
INFO: [Synth 8-6157] synthesizing module 'sound_fx' [C:/fpga project/project_flappy_bird/project_flappy_bird.srcs/sources_1/new/sound_fx.v:3]
INFO: [Synth 8-6155] done synthesizing module 'sound_fx' (0#1) [C:/fpga project/project_flappy_bird/project_flappy_bird.srcs/sources_1/new/sound_fx.v:3]
INFO: [Synth 8-6157] synthesizing module 'seg7_control' [C:/fpga project/project_flappy_bird/project_flappy_bird.srcs/sources_1/new/seg7_control.v:3]
INFO: [Synth 8-226] default block is never used [C:/fpga project/project_flappy_bird/project_flappy_bird.srcs/sources_1/new/seg7_control.v:29]
INFO: [Synth 8-6155] done synthesizing module 'seg7_control' (0#1) [C:/fpga project/project_flappy_bird/project_flappy_bird.srcs/sources_1/new/seg7_control.v:3]
INFO: [Synth 8-6155] done synthesizing module 'top' (0#1) [C:/fpga project/project_flappy_bird/project_flappy_bird.srcs/sources_1/new/top.v:3]
WARNING: [Synth 8-3917] design top has port LED[15] driven by constant 0
WARNING: [Synth 8-3917] design top has port LED[14] driven by constant 0
WARNING: [Synth 8-3917] design top has port LED[13] driven by constant 0
WARNING: [Synth 8-3917] design top has port LED[12] driven by constant 0
WARNING: [Synth 8-3917] design top has port LED[11] driven by constant 0
WARNING: [Synth 8-3917] design top has port LED[10] driven by constant 0
WARNING: [Synth 8-3917] design top has port LED[9] driven by constant 0
WARNING: [Synth 8-3917] design top has port LED[8] driven by constant 0
WARNING: [Synth 8-3917] design top has port LED[7] driven by constant 0
WARNING: [Synth 8-3917] design top has port LED[6] driven by constant 0
WARNING: [Synth 8-3917] design top has port LED[5] driven by constant 0
WARNING: [Synth 8-3917] design top has port LED[4] driven by constant 0
WARNING: [Synth 8-3917] design top has port LED[3] driven by constant 0
WARNING: [Synth 8-3917] design top has port LED[2] driven by constant 0
WARNING: [Synth 8-3917] design top has port LED[1] driven by constant 0
WARNING: [Synth 8-3917] design top has port LED[0] driven by constant 0
---------------------------------------------------------------------------------
Finished RTL Elaboration : Time (s): cpu = 00:00:04 ; elapsed = 00:00:04 . Memory (MB): peak = 1303.090 ; gain = 604.688
---------------------------------------------------------------------------------
---------------------------------------------------------------------------------
Start Handling Custom Attributes
---------------------------------------------------------------------------------
---------------------------------------------------------------------------------
Finished Handling Custom Attributes : Time (s): cpu = 00:00:04 ; elapsed = 00:00:04 . Memory (MB): peak = 1303.090 ; gain = 604.688
---------------------------------------------------------------------------------
---------------------------------------------------------------------------------
Finished RTL Optimization Phase 1 : Time (s): cpu = 00:00:04 ; elapsed = 00:00:04 . Memory (MB): peak = 1303.090 ; gain = 604.688
---------------------------------------------------------------------------------
Netlist sorting complete. Time (s): cpu = 00:00:00 ; elapsed = 00:00:00.003 . Memory (MB): peak = 1303.090 ; gain = 0.000
INFO: [Project 1-570] Preparing netlist for logic optimization

Processing XDC Constraints
Initializing timing engine
Parsing XDC File [C:/fpga project/project_flappy_bird/project_flappy_bird.srcs/constrs_1/new/nexys4_pins.xdc]
Finished Parsing XDC File [C:/fpga project/project_flappy_bird/project_flappy_bird.srcs/constrs_1/new/nexys4_pins.xdc]
INFO: [Project 1-236] Implementation specific constraints were found while reading constraint file [C:/fpga project/project_flappy_bird/project_flappy_bird.srcs/constrs_1/new/nexys4_pins.xdc]. These constraints will be ignored for synthesis but will be used in implementation. Impacted constraints are listed in the file [.Xil/top_propImpl.xdc].
Resolution: To avoid this warning, move constraints listed in [.Xil/top_propImpl.xdc] to another XDC file and exclude this new file from synthesis with the used_in_synthesis property (File Properties dialog in GUI) and re-run elaboration/synthesis.
Completed Processing XDC Constraints

Netlist sorting complete. Time (s): cpu = 00:00:00 ; elapsed = 00:00:00 . Memory (MB): peak = 1359.359 ; gain = 0.000
INFO: [Project 1-111] Unisim Transformation Summary:
No Unisim elements were transformed.

Constraint Validation Runtime : Time (s): cpu = 00:00:00 ; elapsed = 00:00:00.002 . Memory (MB): peak = 1359.359 ; gain = 0.000
INFO: [Designutils 20-5440] No compile time benefit to using incremental synthesis; A full resynthesis will be run
INFO: [Designutils 20-4379] Flow is switching to default flow due to incremental criteria not met. If you would like to alter this behaviour and have the flow terminate instead, please set the following parameter config_implementation {autoIncr.Synth.RejectBehavior Terminate}
---------------------------------------------------------------------------------
Finished Constraint Validation : Time (s): cpu = 00:00:08 ; elapsed = 00:00:09 . Memory (MB): peak = 1359.359 ; gain = 660.957
---------------------------------------------------------------------------------
---------------------------------------------------------------------------------
Start Loading Part and Timing Information
---------------------------------------------------------------------------------
Loading part: xc7a100tcsg324-3
---------------------------------------------------------------------------------
Finished Loading Part and Timing Information : Time (s): cpu = 00:00:08 ; elapsed = 00:00:09 . Memory (MB): peak = 1359.359 ; gain = 660.957
---------------------------------------------------------------------------------
---------------------------------------------------------------------------------
Start Applying 'set_property' XDC Constraints
---------------------------------------------------------------------------------
---------------------------------------------------------------------------------
Finished applying 'set_property' XDC Constraints : Time (s): cpu = 00:00:08 ; elapsed = 00:00:09 . Memory (MB): peak = 1359.359 ; gain = 660.957
---------------------------------------------------------------------------------
---------------------------------------------------------------------------------
Finished RTL Optimization Phase 2 : Time (s): cpu = 00:00:09 ; elapsed = 00:00:10 . Memory (MB): peak = 1359.359 ; gain = 660.957
---------------------------------------------------------------------------------
---------------------------------------------------------------------------------
Start RTL Component Statistics 
---------------------------------------------------------------------------------
Detailed RTL Component Info : 
+---Adders : 
	   2 Input   25 Bit       Adders := 1     
	   2 Input   12 Bit       Adders := 1     
	   3 Input   12 Bit       Adders := 2     
	   3 Input   11 Bit       Adders := 1     
	   2 Input   11 Bit       Adders := 2     
	   2 Input   10 Bit       Adders := 8     
	   2 Input    9 Bit       Adders := 1     
	   2 Input    4 Bit       Adders := 3     
	   2 Input    2 Bit       Adders := 1     
+---XORs : 
	   4 Input      1 Bit         XORs := 1     
+---Registers : 
	               25 Bit    Registers := 1     
	               20 Bit    Registers := 1     
	               10 Bit    Registers := 6     
	                8 Bit    Registers := 1     
	                4 Bit    Registers := 6     
	                2 Bit    Registers := 1     
	                1 Bit    Registers := 8     
+---Muxes : 
	   2 Input   25 Bit        Muxes := 1     
	   2 Input   24 Bit        Muxes := 1     
	   3 Input   20 Bit        Muxes := 1     
	   2 Input   10 Bit        Muxes := 3     
	   3 Input   10 Bit        Muxes := 1     
	   8 Input    8 Bit        Muxes := 1     
	   2 Input    4 Bit        Muxes := 4     
	   4 Input    4 Bit        Muxes := 1     
	   5 Input    4 Bit        Muxes := 1     
	   6 Input    4 Bit        Muxes := 1     
	   2 Input    1 Bit        Muxes := 13    
---------------------------------------------------------------------------------
Finished RTL Component Statistics 
---------------------------------------------------------------------------------
---------------------------------------------------------------------------------
Start Part Resource Summary
---------------------------------------------------------------------------------
Part Resources:
DSPs: 240 (col length:80)
BRAMs: 270 (col length: RAMB18 80 RAMB36 40)
---------------------------------------------------------------------------------
Finished Part Resource Summary
---------------------------------------------------------------------------------
---------------------------------------------------------------------------------
Start Cross Boundary and Area Optimization
---------------------------------------------------------------------------------
WARNING: [Synth 8-7080] Parallel synthesis criteria is not met
WARNING: [Synth 8-3917] design top has port LED[15] driven by constant 0
WARNING: [Synth 8-3917] design top has port LED[14] driven by constant 0
WARNING: [Synth 8-3917] design top has port LED[13] driven by constant 0
WARNING: [Synth 8-3917] design top has port LED[12] driven by constant 0
WARNING: [Synth 8-3917] design top has port LED[11] driven by constant 0
WARNING: [Synth 8-3917] design top has port LED[10] driven by constant 0
WARNING: [Synth 8-3917] design top has port LED[9] driven by constant 0
WARNING: [Synth 8-3917] design top has port LED[8] driven by constant 0
WARNING: [Synth 8-3917] design top has port LED[7] driven by constant 0
WARNING: [Synth 8-3917] design top has port LED[6] driven by constant 0
WARNING: [Synth 8-3917] design top has port LED[5] driven by constant 0
WARNING: [Synth 8-3917] design top has port LED[4] driven by constant 0
WARNING: [Synth 8-3917] design top has port LED[3] driven by constant 0
WARNING: [Synth 8-3917] design top has port LED[2] driven by constant 0
WARNING: [Synth 8-3917] design top has port LED[1] driven by constant 0
WARNING: [Synth 8-3917] design top has port LED[0] driven by constant 0
WARNING: [Synth 8-3917] design top has port AUD_SD driven by constant 1
---------------------------------------------------------------------------------
Finished Cross Boundary and Area Optimization : Time (s): cpu = 00:00:11 ; elapsed = 00:00:12 . Memory (MB): peak = 1403.184 ; gain = 704.781
---------------------------------------------------------------------------------
---------------------------------------------------------------------------------
Start Applying XDC Timing Constraints
---------------------------------------------------------------------------------
---------------------------------------------------------------------------------
Finished Applying XDC Timing Constraints : Time (s): cpu = 00:00:14 ; elapsed = 00:00:16 . Memory (MB): peak = 1520.781 ; gain = 822.379
---------------------------------------------------------------------------------
---------------------------------------------------------------------------------
Start Timing Optimization
---------------------------------------------------------------------------------
---------------------------------------------------------------------------------
Finished Timing Optimization : Time (s): cpu = 00:00:15 ; elapsed = 00:00:16 . Memory (MB): peak = 1589.156 ; gain = 890.754
---------------------------------------------------------------------------------
---------------------------------------------------------------------------------
Start Technology Mapping
---------------------------------------------------------------------------------
---------------------------------------------------------------------------------
Finished Technology Mapping : Time (s): cpu = 00:00:15 ; elapsed = 00:00:17 . Memory (MB): peak = 1589.156 ; gain = 890.754
---------------------------------------------------------------------------------
---------------------------------------------------------------------------------
Start IO Insertion
---------------------------------------------------------------------------------
---------------------------------------------------------------------------------
Start Flattening Before IO Insertion
---------------------------------------------------------------------------------
---------------------------------------------------------------------------------
Finished Flattening Before IO Insertion
---------------------------------------------------------------------------------
---------------------------------------------------------------------------------
Start Final Netlist Cleanup
---------------------------------------------------------------------------------
---------------------------------------------------------------------------------
Finished Final Netlist Cleanup
---------------------------------------------------------------------------------
---------------------------------------------------------------------------------
Finished IO Insertion : Time (s): cpu = 00:00:18 ; elapsed = 00:00:19 . Memory (MB): peak = 1776.543 ; gain = 1078.141
---------------------------------------------------------------------------------
---------------------------------------------------------------------------------
Start Renaming Generated Instances
---------------------------------------------------------------------------------
---------------------------------------------------------------------------------
Finished Renaming Generated Instances : Time (s): cpu = 00:00:18 ; elapsed = 00:00:19 . Memory (MB): peak = 1776.543 ; gain = 1078.141
---------------------------------------------------------------------------------
---------------------------------------------------------------------------------
Start Rebuilding User Hierarchy
---------------------------------------------------------------------------------
---------------------------------------------------------------------------------
Finished Rebuilding User Hierarchy : Time (s): cpu = 00:00:18 ; elapsed = 00:00:19 . Memory (MB): peak = 1776.543 ; gain = 1078.141
---------------------------------------------------------------------------------
---------------------------------------------------------------------------------
Start Renaming Generated Ports
---------------------------------------------------------------------------------
---------------------------------------------------------------------------------
Finished Renaming Generated Ports : Time (s): cpu = 00:00:18 ; elapsed = 00:00:19 . Memory (MB): peak = 1776.543 ; gain = 1078.141
---------------------------------------------------------------------------------
---------------------------------------------------------------------------------
Start Handling Custom Attributes
---------------------------------------------------------------------------------
---------------------------------------------------------------------------------
Finished Handling Custom Attributes : Time (s): cpu = 00:00:18 ; elapsed = 00:00:19 . Memory (MB): peak = 1776.543 ; gain = 1078.141
---------------------------------------------------------------------------------
---------------------------------------------------------------------------------
Start Renaming Generated Nets
---------------------------------------------------------------------------------
---------------------------------------------------------------------------------
Finished Renaming Generated Nets : Time (s): cpu = 00:00:18 ; elapsed = 00:00:19 . Memory (MB): peak = 1776.543 ; gain = 1078.141
---------------------------------------------------------------------------------
---------------------------------------------------------------------------------
Start Writing Synthesis Report
---------------------------------------------------------------------------------

Report BlackBoxes: 
+-+--------------+----------+
| |BlackBox name |Instances |
+-+--------------+----------+
+-+--------------+----------+

Report Cell Usage: 
+------+-------+------+
|      |Cell   |Count |
+------+-------+------+
|1     |BUFG   |     2|
|2     |CARRY4 |    58|
|3     |LUT1   |    39|
|4     |LUT2   |   105|
|5     |LUT3   |    57|
|6     |LUT4   |   119|
|7     |LUT5   |    42|
|8     |LUT6   |    86|
|9     |MUXF7  |     2|
|10    |FDRE   |   142|
|11    |FDSE   |    26|
|12    |IBUF   |     2|
|13    |OBUF   |    47|
+------+-------+------+
---------------------------------------------------------------------------------
Finished Writing Synthesis Report : Time (s): cpu = 00:00:18 ; elapsed = 00:00:19 . Memory (MB): peak = 1776.543 ; gain = 1078.141
---------------------------------------------------------------------------------
Synthesis finished with 0 errors, 0 critical warnings and 18 warnings.
Synthesis Optimization Runtime : Time (s): cpu = 00:00:13 ; elapsed = 00:00:18 . Memory (MB): peak = 1776.543 ; gain = 1021.871
Synthesis Optimization Complete : Time (s): cpu = 00:00:18 ; elapsed = 00:00:19 . Memory (MB): peak = 1776.543 ; gain = 1078.141
INFO: [Project 1-571] Translating synthesized netlist
Netlist sorting complete. Time (s): cpu = 00:00:00 ; elapsed = 00:00:00.005 . Memory (MB): peak = 1785.758 ; gain = 0.000
INFO: [Netlist 29-17] Analyzing 60 Unisim elements for replacement
INFO: [Netlist 29-28] Unisim Transformation completed in 0 CPU seconds
INFO: [Project 1-570] Preparing netlist for logic optimization
INFO: [Opt 31-138] Pushed 0 inverter(s) to 0 load pin(s).
Netlist sorting complete. Time (s): cpu = 00:00:00 ; elapsed = 00:00:00 . Memory (MB): peak = 1789.395 ; gain = 0.000
INFO: [Project 1-111] Unisim Transformation Summary:
No Unisim elements were transformed.

Synth Design complete | Checksum: 95217760
INFO: [Common 17-83] Releasing license: Synthesis
32 Infos, 34 Warnings, 0 Critical Warnings and 0 Errors encountered.
synth_design completed successfully
synth_design: Time (s): cpu = 00:00:20 ; elapsed = 00:00:23 . Memory (MB): peak = 1789.395 ; gain = 1292.418
Write ShapeDB Complete: Time (s): cpu = 00:00:00 ; elapsed = 00:00:00.002 . Memory (MB): peak = 1789.395 ; gain = 0.000
INFO: [Common 17-1381] The checkpoint 'C:/fpga project/project_flappy_bird/project_flappy_bird.runs/synth_1/top.dcp' has been generated.
INFO: [Vivado 12-24828] Executing command : report_utilization -file top_utilization_synth.rpt -pb top_utilization_synth.pb
INFO: [Common 17-206] Exiting Vivado at Sat Apr 18 22:53:11 2026...
